
> myapp@0.0.0 build
> vite build

[36mvite v7.2.6 [32mbuilding client environment for production...[36m[39m
transforming...
node.exe : [baseline-browser-mapping] The data in this module is over two months old.  To ensure accurate Baseline 
data, please update: `npm i baseline-browser-mapping@latest -D`
At C:\Program Files\nodejs\npm.ps1:29 char:3
+   & $NODE_EXE $NPM_CLI_JS $args
+   ~~~~~~~~~~~~~~~~~~~~~~~~~~~~~
    + CategoryInfo          : NotSpecified: ([baseline-brows...ping@latest -D`:String) [], RemoteException
    + FullyQualifiedErrorId : NativeCommandError
 
[32mΓ£ô[39m 1165 modules transformed.
[31mΓ£ù[39m Build failed in 12.11s
[31merror during build:
[31m[vite:load-fallback] Could not load C:\Users\hp\Desktop\Mern 
stack\ProjectEcommerce\myapp\src/components/ui/AlertDialog (imported by src/pages/admin/AdminOrders.jsx): ENOENT: no 
such file or directory, open 'C:\Users\hp\Desktop\Mern stack\ProjectEcommerce\myapp\src\components\ui\AlertDialog'[31m
    at async open (node:internal/fs/promises:633:25)
    at async Object.readFile (node:internal/fs/promises:1237:14)
    at async Object.handler 
(file:///C:/Users/hp/Desktop/Mern%20stack/ProjectEcommerce/myapp/node_modules/vite/dist/node/chunks/config.js:33162:21)
    at async PluginDriver.hookFirstAndGetPlugin (file:///C:/Users/hp/Desktop/Mern%20stack/ProjectEcommerce/myapp/node_m
odules/rollup/dist/es/shared/node-entry.js:22333:28)
    at async file:///C:/Users/hp/Desktop/Mern%20stack/ProjectEcommerce/myapp/node_modules/rollup/dist/es/shared/node-en
try.js:21333:33
    at async Queue.work (file:///C:/Users/hp/Desktop/Mern%20stack/ProjectEcommerce/myapp/node_modules/rollup/dist/es/sh
ared/node-entry.js:22561:32)[39m
